STM32f103_FLASH_RW.h:12:20:GetPage	24	static
STM32f103_FLASH_RW.h:24:10:Flash_Write_Data	48	static
STM32f103_FLASH_RW.h:73:6:Flash_Read_Data	24	static
ftoa.h:12:6:reverse	32	static
ftoa.h:28:5:intToStr	32	static
ftoa.h:47:6:ftoa	48	static
main.c:158:19:read7802	40	static
main.c:196:6:I2C_channel_initADC	32	static
main.c:274:10:avg	32	static
main.c:286:9:Nextion_Change_Screen	16	static
main.c:297:6:calibration1	88	static
main.c:341:6:calculation	16	static
main.c:361:6:Uart_PutNumber	48	static
main.c:381:6:HAL_UART_RxCpltCallback	16	static
main.c:427:6:settingMenu	4	static
main.c:432:9:Nextion_Send_Data	16	static
main.c:444:6:print_data	1032	static
main.c:481:6:pendrive_save_data	1024	static
main.c:510:6:Edit_Details	24	static
main.c:579:6:load_data	8	static
main.c:599:6:save_data	8	static
main.c:611:6:load_data_display	8	static
main.c:620:6:Get_User_Data	16	static
main.c:665:6:setting_display	24	static
main.c:702:6:calibration	24	static
main.c:749:6:parameterData	24	static
main.c:766:6:NextionDisplay	8	static
main.c:825:5:main	8	static
main.c:898:6:SystemClock_Config	72	static
main.c:939:6:Error_Handler	4	static,ignoring_inline_asm
