17:51:40 **** Incremental Build of configuration Debug for project ADC7802 ****
make -j12 all 
arm-none-eabi-gcc "../Core/Src/main.c" -mcpu=cortex-m3 -std=gnu11 -g3 -DDEBUG -DUSE_HAL_DRIVER -DSTM32F103xB -c -I../Core/Inc -I../Drivers/STM32F1xx_HAL_Driver/Inc -I../Drivers/STM32F1xx_HAL_Driver/Inc/Legacy -I../Drivers/CMSIS/Device/ST/STM32F1xx/Include -I../Drivers/CMSIS/Include -O0 -ffunction-sections -fdata-sections -Wall -fstack-usage -MMD -MP -MF"Core/Src/main.d" -MT"Core/Src/main.o" --specs=nano.specs -mfloat-abi=soft -mthumb -o "Core/Src/main.o"
arm-none-eabi-gcc "../Core/Src/usart.c" -mcpu=cortex-m3 -std=gnu11 -g3 -DDEBUG -DUSE_HAL_DRIVER -DSTM32F103xB -c -I../Core/Inc -I../Drivers/STM32F1xx_HAL_Driver/Inc -I../Drivers/STM32F1xx_HAL_Driver/Inc/Legacy -I../Drivers/CMSIS/Device/ST/STM32F1xx/Include -I../Drivers/CMSIS/Include -O0 -ffunction-sections -fdata-sections -Wall -fstack-usage -MMD -MP -MF"Core/Src/usart.d" -MT"Core/Src/usart.o" --specs=nano.specs -mfloat-abi=soft -mthumb -o "Core/Src/usart.o"
../Core/Src/main.c: In function 'read7802':
../Core/Src/main.c:161:20: warning: variable 'ret' set but not used [-Wunused-but-set-variable]
  161 |  HAL_StatusTypeDef ret = 0;
      |                    ^~~
../Core/Src/main.c: In function 'I2C_channel_initADC':
../Core/Src/main.c:198:20: warning: variable 'ret' set but not used [-Wunused-but-set-variable]
  198 |  HAL_StatusTypeDef ret = 0;
      |                    ^~~
arm-none-eabi-gcc -o "ADC7802.elf" @"objects.list"   -mcpu=cortex-m3 -T"C:\Users\Jiyansh\Desktop\ADC7802\i2c\ADC7802\STM32F103C8TX_FLASH.ld" --specs=nosys.specs -Wl,-Map="ADC7802.map" -Wl,--gc-sections -static --specs=nano.specs -mfloat-abi=soft -mthumb -Wl,--start-group -lc -lm -Wl,--end-group
Finished building target: ADC7802.elf
 
arm-none-eabi-size   ADC7802.elf 
arm-none-eabi-objdump -h -S  ADC7802.elf  > "ADC7802.list"
arm-none-eabi-objcopy  -O binary  ADC7802.elf  "ADC7802.bin"
   text	   data	    bss	    dec	    hex	filename
  18596	    128	   2224	  20948	   51d4	ADC7802.elf
Finished building: default.size.stdout
 
Finished building: ADC7802.bin
 
Finished building: ADC7802.list
 
17:53:09 **** Incremental Build of configuration Debug for project ADC7802 ****
make -j12 all 
arm-none-eabi-size   ADC7802.elf 
   text	   data	    bss	    dec	    hex	filename
  18596	    128	   2224	  20948	   51d4	ADC7802.elf
Finished building: default.size.stdout
 
17:55:39 **** Incremental Build of configuration Debug for project ADC7802 ****
make -j12 all 
arm-none-eabi-size   ADC7802.elf 
   text	   data	    bss	    dec	    hex	filename
  18596	    128	   2224	  20948	   51d4	ADC7802.elf
Finished building: default.size.stdout
 
18:04:45 **** Incremental Build of configuration Debug for project ADC7802 ****
make -j12 all 
arm-none-eabi-size   ADC7802.elf 
   text	   data	    bss	    dec	    hex	filename
  18596	    128	   2224	  20948	   51d4	ADC7802.elf
Finished building: default.size.stdout
 
18:07:54 **** Incremental Build of configuration Debug for project ADC7802 ****
make -j12 all 
arm-none-eabi-gcc "../Core/Src/main.c" -mcpu=cortex-m3 -std=gnu11 -g3 -DDEBUG -DUSE_HAL_DRIVER -DSTM32F103xB -c -I../Core/Inc -I../Drivers/STM32F1xx_HAL_Driver/Inc -I../Drivers/STM32F1xx_HAL_Driver/Inc/Legacy -I../Drivers/CMSIS/Device/ST/STM32F1xx/Include -I../Drivers/CMSIS/Include -O0 -ffunction-sections -fdata-sections -Wall -fstack-usage -MMD -MP -MF"Core/Src/main.d" -MT"Core/Src/main.o" --specs=nano.specs -mfloat-abi=soft -mthumb -o "Core/Src/main.o"
../Core/Src/main.c: In function 'read7802':
../Core/Src/main.c:161:20: warning: variable 'ret' set but not used [-Wunused-but-set-variable]
  161 |  HAL_StatusTypeDef ret = 0;
      |                    ^~~
../Core/Src/main.c: In function 'I2C_channel_initADC':
../Core/Src/main.c:198:20: warning: variable 'ret' set but not used [-Wunused-but-set-variable]
  198 |  HAL_StatusTypeDef ret = 0;
      |                    ^~~
arm-none-eabi-gcc -o "ADC7802.elf" @"objects.list"   -mcpu=cortex-m3 -T"C:\Users\Jiyansh\Desktop\ADC7802\i2c\ADC7802\STM32F103C8TX_FLASH.ld" --specs=nosys.specs -Wl,-Map="ADC7802.map" -Wl,--gc-sections -static --specs=nano.specs -mfloat-abi=soft -mthumb -Wl,--start-group -lc -lm -Wl,--end-group
Finished building target: ADC7802.elf
 
arm-none-eabi-size   ADC7802.elf 
arm-none-eabi-objdump -h -S  ADC7802.elf  > "ADC7802.list"
arm-none-eabi-objcopy  -O binary  ADC7802.elf  "ADC7802.bin"
   text	   data	    bss	    dec	    hex	filename
  18604	    128	   2224	  20956	   51dc	ADC7802.elf
Finished building: default.size.stdout
 
Finished building: ADC7802.bin
 
Finished building: ADC7802.list
 
18:16:55 **** Incremental Build of configuration Debug for project ADC7802 ****
make -j12 all 
arm-none-eabi-gcc "../Core/Src/main.c" -mcpu=cortex-m3 -std=gnu11 -g3 -DDEBUG -DUSE_HAL_DRIVER -DSTM32F103xB -c -I../Core/Inc -I../Drivers/STM32F1xx_HAL_Driver/Inc -I../Drivers/STM32F1xx_HAL_Driver/Inc/Legacy -I../Drivers/CMSIS/Device/ST/STM32F1xx/Include -I../Drivers/CMSIS/Include -O0 -ffunction-sections -fdata-sections -Wall -fstack-usage -MMD -MP -MF"Core/Src/main.d" -MT"Core/Src/main.o" --specs=nano.specs -mfloat-abi=soft -mthumb -o "Core/Src/main.o"
../Core/Src/main.c: In function 'read7802':
../Core/Src/main.c:161:20: warning: variable 'ret' set but not used [-Wunused-but-set-variable]
  161 |  HAL_StatusTypeDef ret = 0;
      |                    ^~~
../Core/Src/main.c: In function 'I2C_channel_initADC':
../Core/Src/main.c:198:20: warning: variable 'ret' set but not used [-Wunused-but-set-variable]
  198 |  HAL_StatusTypeDef ret = 0;
      |                    ^~~
../Core/Src/main.c: In function 'calibration1':
../Core/Src/main.c:294:2: warning: implicit declaration of function 'Nextion_Change_Screen' [-Wimplicit-function-declaration]
  294 |  Nextion_Change_Screen(5);
      |  ^~~~~~~~~~~~~~~~~~~~~
../Core/Src/main.c:301:6: warning: suggest parentheses around assignment used as truth value [-Wparentheses]
  301 |   if(Data_Received_Ok = SET)
      |      ^~~~~~~~~~~~~~~~
../Core/Src/main.c: At top level:
../Core/Src/main.c:422:9: error: conflicting types for 'Nextion_Change_Screen'
  422 | uint8_t Nextion_Change_Screen(uint8_t screen_no)
      |         ^~~~~~~~~~~~~~~~~~~~~
../Core/Src/main.c:294:2: note: previous implicit declaration of 'Nextion_Change_Screen' was here
  294 |  Nextion_Change_Screen(5);
      |  ^~~~~~~~~~~~~~~~~~~~~
make: *** [Core/Src/subdir.mk:43: Core/Src/main.o] Error 1
"make -j12 all" terminated with exit code 2. Build might be incomplete.
18:17:50 **** Incremental Build of configuration Debug for project ADC7802 ****
make -j12 all 
arm-none-eabi-gcc "../Core/Src/main.c" -mcpu=cortex-m3 -std=gnu11 -g3 -DDEBUG -DUSE_HAL_DRIVER -DSTM32F103xB -c -I../Core/Inc -I../Drivers/STM32F1xx_HAL_Driver/Inc -I../Drivers/STM32F1xx_HAL_Driver/Inc/Legacy -I../Drivers/CMSIS/Device/ST/STM32F1xx/Include -I../Drivers/CMSIS/Include -O0 -ffunction-sections -fdata-sections -Wall -fstack-usage -MMD -MP -MF"Core/Src/main.d" -MT"Core/Src/main.o" --specs=nano.specs -mfloat-abi=soft -mthumb -o "Core/Src/main.o"
../Core/Src/main.c: In function 'read7802':
../Core/Src/main.c:161:20: warning: variable 'ret' set but not used [-Wunused-but-set-variable]
  161 |  HAL_StatusTypeDef ret = 0;
      |                    ^~~
../Core/Src/main.c: In function 'I2C_channel_initADC':
../Core/Src/main.c:198:20: warning: variable 'ret' set but not used [-Wunused-but-set-variable]
  198 |  HAL_StatusTypeDef ret = 0;
      |                    ^~~
../Core/Src/main.c: In function 'calibration1':
../Core/Src/main.c:313:6: warning: suggest parentheses around assignment used as truth value [-Wparentheses]
  313 |   if(Data_Received_Ok = SET)
      |      ^~~~~~~~~~~~~~~~
arm-none-eabi-gcc -o "ADC7802.elf" @"objects.list"   -mcpu=cortex-m3 -T"C:\Users\Jiyansh\Desktop\ADC7802\i2c\ADC7802\STM32F103C8TX_FLASH.ld" --specs=nosys.specs -Wl,-Map="ADC7802.map" -Wl,--gc-sections -static --specs=nano.specs -mfloat-abi=soft -mthumb -Wl,--start-group -lc -lm -Wl,--end-group
Finished building target: ADC7802.elf
 
arm-none-eabi-size   ADC7802.elf 
arm-none-eabi-objdump -h -S  ADC7802.elf  > "ADC7802.list"
arm-none-eabi-objcopy  -O binary  ADC7802.elf  "ADC7802.bin"
   text	   data	    bss	    dec	    hex	filename
  22112	    128	   2224	  24464	   5f90	ADC7802.elf
Finished building: default.size.stdout
 
Finished building: ADC7802.bin
 
Finished building: ADC7802.list
 
18:22:01 **** Incremental Build of configuration Debug for project ADC7802 ****
make -j12 all 
arm-none-eabi-gcc "../Core/Src/main.c" -mcpu=cortex-m3 -std=gnu11 -g3 -DDEBUG -DUSE_HAL_DRIVER -DSTM32F103xB -c -I../Core/Inc -I../Drivers/STM32F1xx_HAL_Driver/Inc -I../Drivers/STM32F1xx_HAL_Driver/Inc/Legacy -I../Drivers/CMSIS/Device/ST/STM32F1xx/Include -I../Drivers/CMSIS/Include -O0 -ffunction-sections -fdata-sections -Wall -fstack-usage -MMD -MP -MF"Core/Src/main.d" -MT"Core/Src/main.o" --specs=nano.specs -mfloat-abi=soft -mthumb -o "Core/Src/main.o"
../Core/Src/main.c: In function 'read7802':
../Core/Src/main.c:161:20: warning: variable 'ret' set but not used [-Wunused-but-set-variable]
  161 |  HAL_StatusTypeDef ret = 0;
      |                    ^~~
../Core/Src/main.c: In function 'I2C_channel_initADC':
../Core/Src/main.c:198:20: warning: variable 'ret' set but not used [-Wunused-but-set-variable]
  198 |  HAL_StatusTypeDef ret = 0;
      |                    ^~~
../Core/Src/main.c: In function 'calibration1':
../Core/Src/main.c:314:6: warning: suggest parentheses around assignment used as truth value [-Wparentheses]
  314 |   if(Data_Received_Ok = SET) in++;
      |      ^~~~~~~~~~~~~~~~
arm-none-eabi-gcc -o "ADC7802.elf" @"objects.list"   -mcpu=cortex-m3 -T"C:\Users\Jiyansh\Desktop\ADC7802\i2c\ADC7802\STM32F103C8TX_FLASH.ld" --specs=nosys.specs -Wl,-Map="ADC7802.map" -Wl,--gc-sections -static --specs=nano.specs -mfloat-abi=soft -mthumb -Wl,--start-group -lc -lm -Wl,--end-group
Finished building target: ADC7802.elf
 
arm-none-eabi-size   ADC7802.elf 
arm-none-eabi-objdump -h -S  ADC7802.elf  > "ADC7802.list"
arm-none-eabi-objcopy  -O binary  ADC7802.elf  "ADC7802.bin"
   text	   data	    bss	    dec	    hex	filename
  22136	    128	   2224	  24488	   5fa8	ADC7802.elf
Finished building: default.size.stdout
 
Finished building: ADC7802.bin
 
Finished building: ADC7802.list
 
18:22:43 **** Incremental Build of configuration Debug for project ADC7802 ****
make -j12 all 
arm-none-eabi-gcc "../Core/Src/main.c" -mcpu=cortex-m3 -std=gnu11 -g3 -DDEBUG -DUSE_HAL_DRIVER -DSTM32F103xB -c -I../Core/Inc -I../Drivers/STM32F1xx_HAL_Driver/Inc -I../Drivers/STM32F1xx_HAL_Driver/Inc/Legacy -I../Drivers/CMSIS/Device/ST/STM32F1xx/Include -I../Drivers/CMSIS/Include -O0 -ffunction-sections -fdata-sections -Wall -fstack-usage -MMD -MP -MF"Core/Src/main.d" -MT"Core/Src/main.o" --specs=nano.specs -mfloat-abi=soft -mthumb -o "Core/Src/main.o"
../Core/Src/main.c: In function 'read7802':
../Core/Src/main.c:161:20: warning: variable 'ret' set but not used [-Wunused-but-set-variable]
  161 |  HAL_StatusTypeDef ret = 0;
      |                    ^~~
../Core/Src/main.c: In function 'I2C_channel_initADC':
../Core/Src/main.c:198:20: warning: variable 'ret' set but not used [-Wunused-but-set-variable]
  198 |  HAL_StatusTypeDef ret = 0;
      |                    ^~~
../Core/Src/main.c: In function 'calibration1':
../Core/Src/main.c:300:6: warning: unused variable 'in' [-Wunused-variable]
  300 |  int in=0;
      |      ^~
arm-none-eabi-gcc -o "ADC7802.elf" @"objects.list"   -mcpu=cortex-m3 -T"C:\Users\Jiyansh\Desktop\ADC7802\i2c\ADC7802\STM32F103C8TX_FLASH.ld" --specs=nosys.specs -Wl,-Map="ADC7802.map" -Wl,--gc-sections -static --specs=nano.specs -mfloat-abi=soft -mthumb -Wl,--start-group -lc -lm -Wl,--end-group
Finished building target: ADC7802.elf
 
arm-none-eabi-size   ADC7802.elf 
arm-none-eabi-objdump -h -S  ADC7802.elf  > "ADC7802.list"
arm-none-eabi-objcopy  -O binary  ADC7802.elf  "ADC7802.bin"
   text	   data	    bss	    dec	    hex	filename
  22124	    128	   2224	  24476	   5f9c	ADC7802.elf
Finished building: default.size.stdout
 
Finished building: ADC7802.bin
 
Finished building: ADC7802.list
 
18:23:31 **** Incremental Build of configuration Debug for project ADC7802 ****
make -j12 all 
arm-none-eabi-gcc "../Core/Src/main.c" -mcpu=cortex-m3 -std=gnu11 -g3 -DDEBUG -DUSE_HAL_DRIVER -DSTM32F103xB -c -I../Core/Inc -I../Drivers/STM32F1xx_HAL_Driver/Inc -I../Drivers/STM32F1xx_HAL_Driver/Inc/Legacy -I../Drivers/CMSIS/Device/ST/STM32F1xx/Include -I../Drivers/CMSIS/Include -O0 -ffunction-sections -fdata-sections -Wall -fstack-usage -MMD -MP -MF"Core/Src/main.d" -MT"Core/Src/main.o" --specs=nano.specs -mfloat-abi=soft -mthumb -o "Core/Src/main.o"
../Core/Src/main.c: In function 'read7802':
../Core/Src/main.c:161:20: warning: variable 'ret' set but not used [-Wunused-but-set-variable]
  161 |  HAL_StatusTypeDef ret = 0;
      |                    ^~~
../Core/Src/main.c: In function 'I2C_channel_initADC':
../Core/Src/main.c:198:20: warning: variable 'ret' set but not used [-Wunused-but-set-variable]
  198 |  HAL_StatusTypeDef ret = 0;
      |                    ^~~
arm-none-eabi-gcc -o "ADC7802.elf" @"objects.list"   -mcpu=cortex-m3 -T"C:\Users\Jiyansh\Desktop\ADC7802\i2c\ADC7802\STM32F103C8TX_FLASH.ld" --specs=nosys.specs -Wl,-Map="ADC7802.map" -Wl,--gc-sections -static --specs=nano.specs -mfloat-abi=soft -mthumb -Wl,--start-group -lc -lm -Wl,--end-group
Finished building target: ADC7802.elf
 
arm-none-eabi-size   ADC7802.elf 
arm-none-eabi-objdump -h -S  ADC7802.elf  > "ADC7802.list"
arm-none-eabi-objcopy  -O binary  ADC7802.elf  "ADC7802.bin"
   text	   data	    bss	    dec	    hex	filename
  22136	    128	   2224	  24488	   5fa8	ADC7802.elf
Finished building: default.size.stdout
 
Finished building: ADC7802.bin
 
Finished building: ADC7802.list
 
18:24:33 **** Incremental Build of configuration Debug for project ADC7802 ****
make -j12 all 
arm-none-eabi-gcc "../Core/Src/main.c" -mcpu=cortex-m3 -std=gnu11 -g3 -DDEBUG -DUSE_HAL_DRIVER -DSTM32F103xB -c -I../Core/Inc -I../Drivers/STM32F1xx_HAL_Driver/Inc -I../Drivers/STM32F1xx_HAL_Driver/Inc/Legacy -I../Drivers/CMSIS/Device/ST/STM32F1xx/Include -I../Drivers/CMSIS/Include -O0 -ffunction-sections -fdata-sections -Wall -fstack-usage -MMD -MP -MF"Core/Src/main.d" -MT"Core/Src/main.o" --specs=nano.specs -mfloat-abi=soft -mthumb -o "Core/Src/main.o"
../Core/Src/main.c: In function 'read7802':
../Core/Src/main.c:161:20: warning: variable 'ret' set but not used [-Wunused-but-set-variable]
  161 |  HAL_StatusTypeDef ret = 0;
      |                    ^~~
../Core/Src/main.c: In function 'I2C_channel_initADC':
../Core/Src/main.c:198:20: warning: variable 'ret' set but not used [-Wunused-but-set-variable]
  198 |  HAL_StatusTypeDef ret = 0;
      |                    ^~~
../Core/Src/main.c: In function 'calibration1':
../Core/Src/main.c:314:6: warning: suggest parentheses around assignment used as truth value [-Wparentheses]
  314 |   if(Data_Received_Ok = SET) in++;
      |      ^~~~~~~~~~~~~~~~
arm-none-eabi-gcc -o "ADC7802.elf" @"objects.list"   -mcpu=cortex-m3 -T"C:\Users\Jiyansh\Desktop\ADC7802\i2c\ADC7802\STM32F103C8TX_FLASH.ld" --specs=nosys.specs -Wl,-Map="ADC7802.map" -Wl,--gc-sections -static --specs=nano.specs -mfloat-abi=soft -mthumb -Wl,--start-group -lc -lm -Wl,--end-group
Finished building target: ADC7802.elf
 
arm-none-eabi-size   ADC7802.elf 
arm-none-eabi-objdump -h -S  ADC7802.elf  > "ADC7802.list"
arm-none-eabi-objcopy  -O binary  ADC7802.elf  "ADC7802.bin"
   text	   data	    bss	    dec	    hex	filename
  20844	    128	   2224	  23196	   5a9c	ADC7802.elf
Finished building: default.size.stdout
 
Finished building: ADC7802.bin
 
Finished building: ADC7802.list
 
18:24:57 **** Incremental Build of configuration Debug for project ADC7802 ****
make -j12 all 
arm-none-eabi-gcc "../Core/Src/main.c" -mcpu=cortex-m3 -std=gnu11 -g3 -DDEBUG -DUSE_HAL_DRIVER -DSTM32F103xB -c -I../Core/Inc -I../Drivers/STM32F1xx_HAL_Driver/Inc -I../Drivers/STM32F1xx_HAL_Driver/Inc/Legacy -I../Drivers/CMSIS/Device/ST/STM32F1xx/Include -I../Drivers/CMSIS/Include -O0 -ffunction-sections -fdata-sections -Wall -fstack-usage -MMD -MP -MF"Core/Src/main.d" -MT"Core/Src/main.o" --specs=nano.specs -mfloat-abi=soft -mthumb -o "Core/Src/main.o"
../Core/Src/main.c: In function 'read7802':
../Core/Src/main.c:161:20: warning: variable 'ret' set but not used [-Wunused-but-set-variable]
  161 |  HAL_StatusTypeDef ret = 0;
      |                    ^~~
../Core/Src/main.c: In function 'I2C_channel_initADC':
../Core/Src/main.c:198:20: warning: variable 'ret' set but not used [-Wunused-but-set-variable]
  198 |  HAL_StatusTypeDef ret = 0;
      |                    ^~~
arm-none-eabi-gcc -o "ADC7802.elf" @"objects.list"   -mcpu=cortex-m3 -T"C:\Users\Jiyansh\Desktop\ADC7802\i2c\ADC7802\STM32F103C8TX_FLASH.ld" --specs=nosys.specs -Wl,-Map="ADC7802.map" -Wl,--gc-sections -static --specs=nano.specs -mfloat-abi=soft -mthumb -Wl,--start-group -lc -lm -Wl,--end-group
Finished building target: ADC7802.elf
 
arm-none-eabi-size   ADC7802.elf 
arm-none-eabi-objdump -h -S  ADC7802.elf  > "ADC7802.list"
arm-none-eabi-objcopy  -O binary  ADC7802.elf  "ADC7802.bin"
   text	   data	    bss	    dec	    hex	filename
  20848	    128	   2224	  23200	   5aa0	ADC7802.elf
Finished building: default.size.stdout
 
Finished building: ADC7802.bin
 
Finished building: ADC7802.list
 
18:30:49 **** Incremental Build of configuration Debug for project ADC7802 ****
make -j12 all 
arm-none-eabi-gcc "../Core/Src/main.c" -mcpu=cortex-m3 -std=gnu11 -g3 -DDEBUG -DUSE_HAL_DRIVER -DSTM32F103xB -c -I../Core/Inc -I../Drivers/STM32F1xx_HAL_Driver/Inc -I../Drivers/STM32F1xx_HAL_Driver/Inc/Legacy -I../Drivers/CMSIS/Device/ST/STM32F1xx/Include -I../Drivers/CMSIS/Include -O0 -ffunction-sections -fdata-sections -Wall -fstack-usage -MMD -MP -MF"Core/Src/main.d" -MT"Core/Src/main.o" --specs=nano.specs -mfloat-abi=soft -mthumb -o "Core/Src/main.o"
../Core/Src/main.c: In function 'read7802':
../Core/Src/main.c:161:20: warning: variable 'ret' set but not used [-Wunused-but-set-variable]
  161 |  HAL_StatusTypeDef ret = 0;
      |                    ^~~
../Core/Src/main.c: In function 'I2C_channel_initADC':
../Core/Src/main.c:198:20: warning: variable 'ret' set but not used [-Wunused-but-set-variable]
  198 |  HAL_StatusTypeDef ret = 0;
      |                    ^~~
../Core/Src/main.c: In function 'calibration1':
../Core/Src/main.c:300:6: warning: unused variable 'in' [-Wunused-variable]
  300 |  int in=0;
      |      ^~
arm-none-eabi-gcc -o "ADC7802.elf" @"objects.list"   -mcpu=cortex-m3 -T"C:\Users\Jiyansh\Desktop\ADC7802\i2c\ADC7802\STM32F103C8TX_FLASH.ld" --specs=nosys.specs -Wl,-Map="ADC7802.map" -Wl,--gc-sections -static --specs=nano.specs -mfloat-abi=soft -mthumb -Wl,--start-group -lc -lm -Wl,--end-group
Finished building target: ADC7802.elf
 
arm-none-eabi-size   ADC7802.elf 
arm-none-eabi-objdump -h -S  ADC7802.elf  > "ADC7802.list"
arm-none-eabi-objcopy  -O binary  ADC7802.elf  "ADC7802.bin"
   text	   data	    bss	    dec	    hex	filename
  22368	    128	   2232	  24728	   6098	ADC7802.elf
Finished building: default.size.stdout
 
Finished building: ADC7802.bin
 
Finished building: ADC7802.list
 
18:34:38 **** Incremental Build of configuration Debug for project ADC7802 ****
make -j12 all 
arm-none-eabi-size   ADC7802.elf 
   text	   data	    bss	    dec	    hex	filename
  22368	    128	   2232	  24728	   6098	ADC7802.elf
Finished building: default.size.stdout
 
18:35:35 **** Incremental Build of configuration Debug for project ADC7802 ****
make -j12 all 
arm-none-eabi-size   ADC7802.elf 
   text	   data	    bss	    dec	    hex	filename
  22368	    128	   2232	  24728	   6098	ADC7802.elf
Finished building: default.size.stdout
 
19:16:15 **** Incremental Build of configuration Debug for project ADC7802 ****
make -j12 all 
arm-none-eabi-gcc "../Core/Src/main.c" -mcpu=cortex-m3 -std=gnu11 -g3 -DDEBUG -DUSE_HAL_DRIVER -DSTM32F103xB -c -I../Core/Inc -I../Drivers/STM32F1xx_HAL_Driver/Inc -I../Drivers/STM32F1xx_HAL_Driver/Inc/Legacy -I../Drivers/CMSIS/Device/ST/STM32F1xx/Include -I../Drivers/CMSIS/Include -O0 -ffunction-sections -fdata-sections -Wall -fstack-usage -MMD -MP -MF"Core/Src/main.d" -MT"Core/Src/main.o" --specs=nano.specs -mfloat-abi=soft -mthumb -o "Core/Src/main.o"
../Core/Src/main.c: In function 'read7802':
../Core/Src/main.c:161:20: warning: variable 'ret' set but not used [-Wunused-but-set-variable]
  161 |  HAL_StatusTypeDef ret = 0;
      |                    ^~~
../Core/Src/main.c: In function 'I2C_channel_initADC':
../Core/Src/main.c:198:20: warning: variable 'ret' set but not used [-Wunused-but-set-variable]
  198 |  HAL_StatusTypeDef ret = 0;
      |                    ^~~
../Core/Src/main.c: In function 'calibration1':
../Core/Src/main.c:300:6: warning: unused variable 'in' [-Wunused-variable]
  300 |  int in=0;
      |      ^~
arm-none-eabi-gcc -o "ADC7802.elf" @"objects.list"   -mcpu=cortex-m3 -T"C:\Users\Jiyansh\Desktop\ADC7802\i2c\ADC7802\STM32F103C8TX_FLASH.ld" --specs=nosys.specs -Wl,-Map="ADC7802.map" -Wl,--gc-sections -static --specs=nano.specs -mfloat-abi=soft -mthumb -Wl,--start-group -lc -lm -Wl,--end-group
Finished building target: ADC7802.elf
 
arm-none-eabi-size   ADC7802.elf 
arm-none-eabi-objdump -h -S  ADC7802.elf  > "ADC7802.list"
arm-none-eabi-objcopy  -O binary  ADC7802.elf  "ADC7802.bin"
   text	   data	    bss	    dec	    hex	filename
  22368	    128	   2232	  24728	   6098	ADC7802.elf
Finished building: default.size.stdout
 
Finished building: ADC7802.bin
 
Finished building: ADC7802.list
 
19:21:18 **** Incremental Build of configuration Debug for project ADC7802 ****
make -j12 all 
arm-none-eabi-size   ADC7802.elf 
   text	   data	    bss	    dec	    hex	filename
  22368	    128	   2232	  24728	   6098	ADC7802.elf
Finished building: default.size.stdout
 
19:25:38 **** Incremental Build of configuration Debug for project ADC7802 ****
make -j12 all 
arm-none-eabi-gcc "../Core/Src/main.c" -mcpu=cortex-m3 -std=gnu11 -g3 -DDEBUG -DUSE_HAL_DRIVER -DSTM32F103xB -c -I../Core/Inc -I../Drivers/STM32F1xx_HAL_Driver/Inc -I../Drivers/STM32F1xx_HAL_Driver/Inc/Legacy -I../Drivers/CMSIS/Device/ST/STM32F1xx/Include -I../Drivers/CMSIS/Include -O0 -ffunction-sections -fdata-sections -Wall -fstack-usage -MMD -MP -MF"Core/Src/main.d" -MT"Core/Src/main.o" --specs=nano.specs -mfloat-abi=soft -mthumb -o "Core/Src/main.o"
../Core/Src/main.c: In function 'read7802':
../Core/Src/main.c:161:20: warning: variable 'ret' set but not used [-Wunused-but-set-variable]
  161 |  HAL_StatusTypeDef ret = 0;
      |                    ^~~
../Core/Src/main.c: In function 'I2C_channel_initADC':
../Core/Src/main.c:198:20: warning: variable 'ret' set but not used [-Wunused-but-set-variable]
  198 |  HAL_StatusTypeDef ret = 0;
      |                    ^~~
../Core/Src/main.c: In function 'calibration1':
../Core/Src/main.c:300:6: warning: unused variable 'in' [-Wunused-variable]
  300 |  int in=0;
      |      ^~
arm-none-eabi-gcc -o "ADC7802.elf" @"objects.list"   -mcpu=cortex-m3 -T"C:\Users\Jiyansh\Desktop\ADC7802\i2c\ADC7802\STM32F103C8TX_FLASH.ld" --specs=nosys.specs -Wl,-Map="ADC7802.map" -Wl,--gc-sections -static --specs=nano.specs -mfloat-abi=soft -mthumb -Wl,--start-group -lc -lm -Wl,--end-group
Finished building target: ADC7802.elf
 
arm-none-eabi-size   ADC7802.elf 
arm-none-eabi-objdump -h -S  ADC7802.elf  > "ADC7802.list"
arm-none-eabi-objcopy  -O binary  ADC7802.elf  "ADC7802.bin"
   text	   data	    bss	    dec	    hex	filename
  22372	    128	   2232	  24732	   609c	ADC7802.elf
Finished building: default.size.stdout
 
Finished building: ADC7802.bin
 
Finished building: ADC7802.list
 
19:26:26 **** Incremental Build of configuration Debug for project ADC7802 ****
make -j12 all 
arm-none-eabi-size   ADC7802.elf 
   text	   data	    bss	    dec	    hex	filename
  22372	    128	   2232	  24732	   609c	ADC7802.elf
Finished building: default.size.stdout
 
19:42:57 **** Incremental Build of configuration Debug for project ADC7802 ****
make -j12 all 
arm-none-eabi-gcc "../Core/Src/main.c" -mcpu=cortex-m3 -std=gnu11 -g3 -DDEBUG -DUSE_HAL_DRIVER -DSTM32F103xB -c -I../Core/Inc -I../Drivers/STM32F1xx_HAL_Driver/Inc -I../Drivers/STM32F1xx_HAL_Driver/Inc/Legacy -I../Drivers/CMSIS/Device/ST/STM32F1xx/Include -I../Drivers/CMSIS/Include -O0 -ffunction-sections -fdata-sections -Wall -fstack-usage -MMD -MP -MF"Core/Src/main.d" -MT"Core/Src/main.o" --specs=nano.specs -mfloat-abi=soft -mthumb -o "Core/Src/main.o"
../Core/Src/main.c: In function 'read7802':
../Core/Src/main.c:161:20: warning: variable 'ret' set but not used [-Wunused-but-set-variable]
  161 |  HAL_StatusTypeDef ret = 0;
      |                    ^~~
../Core/Src/main.c: In function 'I2C_channel_initADC':
../Core/Src/main.c:198:20: warning: variable 'ret' set but not used [-Wunused-but-set-variable]
  198 |  HAL_StatusTypeDef ret = 0;
      |                    ^~~
../Core/Src/main.c: In function 'calibration1':
../Core/Src/main.c:301:15: error: invalid initializer
  301 |  int data[10]=0;
      |               ^
../Core/Src/main.c:318:24: error: 'i' undeclared (first use in this function)
  318 |    for(int j=index;j>0;i--)
      |                        ^
../Core/Src/main.c:318:24: note: each undeclared identifier is reported only once for each function it appears in
make: *** [Core/Src/subdir.mk:43: Core/Src/main.o] Error 1
"make -j12 all" terminated with exit code 2. Build might be incomplete.
19:43:16 **** Incremental Build of configuration Debug for project ADC7802 ****
make -j12 all 
arm-none-eabi-gcc "../Core/Src/main.c" -mcpu=cortex-m3 -std=gnu11 -g3 -DDEBUG -DUSE_HAL_DRIVER -DSTM32F103xB -c -I../Core/Inc -I../Drivers/STM32F1xx_HAL_Driver/Inc -I../Drivers/STM32F1xx_HAL_Driver/Inc/Legacy -I../Drivers/CMSIS/Device/ST/STM32F1xx/Include -I../Drivers/CMSIS/Include -O0 -ffunction-sections -fdata-sections -Wall -fstack-usage -MMD -MP -MF"Core/Src/main.d" -MT"Core/Src/main.o" --specs=nano.specs -mfloat-abi=soft -mthumb -o "Core/Src/main.o"
../Core/Src/main.c: In function 'read7802':
../Core/Src/main.c:161:20: warning: variable 'ret' set but not used [-Wunused-but-set-variable]
  161 |  HAL_StatusTypeDef ret = 0;
      |                    ^~~
../Core/Src/main.c: In function 'I2C_channel_initADC':
../Core/Src/main.c:198:20: warning: variable 'ret' set but not used [-Wunused-but-set-variable]
  198 |  HAL_StatusTypeDef ret = 0;
      |                    ^~~
../Core/Src/main.c: In function 'calibration1':
../Core/Src/main.c:301:15: error: invalid initializer
  301 |  int data[10]=0;
      |               ^
make: *** [Core/Src/subdir.mk:43: Core/Src/main.o] Error 1
"make -j12 all" terminated with exit code 2. Build might be incomplete.
19:43:32 **** Incremental Build of configuration Debug for project ADC7802 ****
make -j12 all 
arm-none-eabi-gcc "../Core/Src/main.c" -mcpu=cortex-m3 -std=gnu11 -g3 -DDEBUG -DUSE_HAL_DRIVER -DSTM32F103xB -c -I../Core/Inc -I../Drivers/STM32F1xx_HAL_Driver/Inc -I../Drivers/STM32F1xx_HAL_Driver/Inc/Legacy -I../Drivers/CMSIS/Device/ST/STM32F1xx/Include -I../Drivers/CMSIS/Include -O0 -ffunction-sections -fdata-sections -Wall -fstack-usage -MMD -MP -MF"Core/Src/main.d" -MT"Core/Src/main.o" --specs=nano.specs -mfloat-abi=soft -mthumb -o "Core/Src/main.o"
../Core/Src/main.c: In function 'read7802':
../Core/Src/main.c:161:20: warning: variable 'ret' set but not used [-Wunused-but-set-variable]
  161 |  HAL_StatusTypeDef ret = 0;
      |                    ^~~
../Core/Src/main.c: In function 'I2C_channel_initADC':
../Core/Src/main.c:198:20: warning: variable 'ret' set but not used [-Wunused-but-set-variable]
  198 |  HAL_StatusTypeDef ret = 0;
      |                    ^~~
arm-none-eabi-gcc -o "ADC7802.elf" @"objects.list"   -mcpu=cortex-m3 -T"C:\Users\Jiyansh\Desktop\ADC7802\i2c\ADC7802\STM32F103C8TX_FLASH.ld" --specs=nosys.specs -Wl,-Map="ADC7802.map" -Wl,--gc-sections -static --specs=nano.specs -mfloat-abi=soft -mthumb -Wl,--start-group -lc -lm -Wl,--end-group
Finished building target: ADC7802.elf
 
arm-none-eabi-size   ADC7802.elf 
arm-none-eabi-objdump -h -S  ADC7802.elf  > "ADC7802.list"
arm-none-eabi-objcopy  -O binary  ADC7802.elf  "ADC7802.bin"
   text	   data	    bss	    dec	    hex	filename
  28840	    132	   2232	  31204	   79e4	ADC7802.elf
Finished building: default.size.stdout
 
Finished building: ADC7802.bin
 
Finished building: ADC7802.list
 
19:44:33 **** Incremental Build of configuration Debug for project ADC7802 ****
make -j12 all 
arm-none-eabi-size   ADC7802.elf 
   text	   data	    bss	    dec	    hex	filename
  28840	    132	   2232	  31204	   79e4	ADC7802.elf
Finished building: default.size.stdout
 
19:44:34 **** Incremental Build of configuration Debug for project ADC7802 ****
make -j12 all 
arm-none-eabi-size   ADC7802.elf 
   text	   data	    bss	    dec	    hex	filename
  28840	    132	   2232	  31204	   79e4	ADC7802.elf
Finished building: default.size.stdout
 
19:45:43 **** Incremental Build of configuration Debug for project ADC7802 ****
make -j12 all 
arm-none-eabi-gcc "../Core/Src/main.c" -mcpu=cortex-m3 -std=gnu11 -g3 -DDEBUG -DUSE_HAL_DRIVER -DSTM32F103xB -c -I../Core/Inc -I../Drivers/STM32F1xx_HAL_Driver/Inc -I../Drivers/STM32F1xx_HAL_Driver/Inc/Legacy -I../Drivers/CMSIS/Device/ST/STM32F1xx/Include -I../Drivers/CMSIS/Include -O0 -ffunction-sections -fdata-sections -Wall -fstack-usage -MMD -MP -MF"Core/Src/main.d" -MT"Core/Src/main.o" --specs=nano.specs -mfloat-abi=soft -mthumb -o "Core/Src/main.o"
../Core/Src/main.c: In function 'read7802':
../Core/Src/main.c:161:20: warning: variable 'ret' set but not used [-Wunused-but-set-variable]
  161 |  HAL_StatusTypeDef ret = 0;
      |                    ^~~
../Core/Src/main.c: In function 'I2C_channel_initADC':
../Core/Src/main.c:198:20: warning: variable 'ret' set but not used [-Wunused-but-set-variable]
  198 |  HAL_StatusTypeDef ret = 0;
      |                    ^~~
arm-none-eabi-gcc -o "ADC7802.elf" @"objects.list"   -mcpu=cortex-m3 -T"C:\Users\Jiyansh\Desktop\ADC7802\i2c\ADC7802\STM32F103C8TX_FLASH.ld" --specs=nosys.specs -Wl,-Map="ADC7802.map" -Wl,--gc-sections -static --specs=nano.specs -mfloat-abi=soft -mthumb -Wl,--start-group -lc -lm -Wl,--end-group
Finished building target: ADC7802.elf
 
arm-none-eabi-size   ADC7802.elf 
arm-none-eabi-objdump -h -S  ADC7802.elf  > "ADC7802.list"
arm-none-eabi-objcopy  -O binary  ADC7802.elf  "ADC7802.bin"
   text	   data	    bss	    dec	    hex	filename
  28840	    132	   2232	  31204	   79e4	ADC7802.elf
Finished building: default.size.stdout
 
Finished building: ADC7802.bin
 
Finished building: ADC7802.list
 
19:46:02 **** Incremental Build of configuration Debug for project ADC7802 ****
make -j12 all 
arm-none-eabi-size   ADC7802.elf 
   text	   data	    bss	    dec	    hex	filename
  28840	    132	   2232	  31204	   79e4	ADC7802.elf
Finished building: default.size.stdout
 
19:46:49 **** Incremental Build of configuration Debug for project ADC7802 ****
make -j12 all 
arm-none-eabi-size   ADC7802.elf 
   text	   data	    bss	    dec	    hex	filename
  28840	    132	   2232	  31204	   79e4	ADC7802.elf
Finished building: default.size.stdout
 
19:48:05 **** Incremental Build of configuration Debug for project ADC7802 ****
make -j12 all 
arm-none-eabi-size   ADC7802.elf 
   text	   data	    bss	    dec	    hex	filename
  28840	    132	   2232	  31204	   79e4	ADC7802.elf
Finished building: default.size.stdout
 
19:50:39 **** Incremental Build of configuration Debug for project ADC7802 ****
make -j12 all 
arm-none-eabi-gcc "../Core/Src/main.c" -mcpu=cortex-m3 -std=gnu11 -g3 -DDEBUG -DUSE_HAL_DRIVER -DSTM32F103xB -c -I../Core/Inc -I../Drivers/STM32F1xx_HAL_Driver/Inc -I../Drivers/STM32F1xx_HAL_Driver/Inc/Legacy -I../Drivers/CMSIS/Device/ST/STM32F1xx/Include -I../Drivers/CMSIS/Include -O0 -ffunction-sections -fdata-sections -Wall -fstack-usage -MMD -MP -MF"Core/Src/main.d" -MT"Core/Src/main.o" --specs=nano.specs -mfloat-abi=soft -mthumb -o "Core/Src/main.o"
../Core/Src/main.c: In function 'read7802':
../Core/Src/main.c:161:20: warning: variable 'ret' set but not used [-Wunused-but-set-variable]
  161 |  HAL_StatusTypeDef ret = 0;
      |                    ^~~
../Core/Src/main.c: In function 'I2C_channel_initADC':
../Core/Src/main.c:198:20: warning: variable 'ret' set but not used [-Wunused-but-set-variable]
  198 |  HAL_StatusTypeDef ret = 0;
      |                    ^~~
arm-none-eabi-gcc -o "ADC7802.elf" @"objects.list"   -mcpu=cortex-m3 -T"C:\Users\Jiyansh\Desktop\ADC7802\i2c\ADC7802\STM32F103C8TX_FLASH.ld" --specs=nosys.specs -Wl,-Map="ADC7802.map" -Wl,--gc-sections -static --specs=nano.specs -mfloat-abi=soft -mthumb -Wl,--start-group -lc -lm -Wl,--end-group
Finished building target: ADC7802.elf
 
arm-none-eabi-size   ADC7802.elf 
arm-none-eabi-objdump -h -S  ADC7802.elf  > "ADC7802.list"
arm-none-eabi-objcopy  -O binary  ADC7802.elf  "ADC7802.bin"
   text	   data	    bss	    dec	    hex	filename
  28840	    132	   2232	  31204	   79e4	ADC7802.elf
Finished building: default.size.stdout
 
Finished building: ADC7802.bin
 
Finished building: ADC7802.list
 
19:51:58 **** Incremental Build of configuration Debug for project ADC7802 ****
make -j12 all 
arm-none-eabi-size   ADC7802.elf 
   text	   data	    bss	    dec	    hex	filename
  28840	    132	   2232	  31204	   79e4	ADC7802.elf
Finished building: default.size.stdout
 
19:52:57 **** Incremental Build of configuration Debug for project ADC7802 ****
make -j12 all 
arm-none-eabi-size   ADC7802.elf 
   text	   data	    bss	    dec	    hex	filename
  28840	    132	   2232	  31204	   79e4	ADC7802.elf
Finished building: default.size.stdout
 
19:58:13 **** Incremental Build of configuration Debug for project ADC7802 ****
make -j12 all 
arm-none-eabi-gcc "../Core/Src/main.c" -mcpu=cortex-m3 -std=gnu11 -g3 -DDEBUG -DUSE_HAL_DRIVER -DSTM32F103xB -c -I../Core/Inc -I../Drivers/STM32F1xx_HAL_Driver/Inc -I../Drivers/STM32F1xx_HAL_Driver/Inc/Legacy -I../Drivers/CMSIS/Device/ST/STM32F1xx/Include -I../Drivers/CMSIS/Include -O0 -ffunction-sections -fdata-sections -Wall -fstack-usage -MMD -MP -MF"Core/Src/main.d" -MT"Core/Src/main.o" --specs=nano.specs -mfloat-abi=soft -mthumb -o "Core/Src/main.o"
../Core/Src/main.c: In function 'read7802':
../Core/Src/main.c:161:20: warning: variable 'ret' set but not used [-Wunused-but-set-variable]
  161 |  HAL_StatusTypeDef ret = 0;
      |                    ^~~
../Core/Src/main.c: In function 'I2C_channel_initADC':
../Core/Src/main.c:198:20: warning: variable 'ret' set but not used [-Wunused-but-set-variable]
  198 |  HAL_StatusTypeDef ret = 0;
      |                    ^~~
arm-none-eabi-gcc -o "ADC7802.elf" @"objects.list"   -mcpu=cortex-m3 -T"C:\Users\Jiyansh\Desktop\ADC7802\i2c\ADC7802\STM32F103C8TX_FLASH.ld" --specs=nosys.specs -Wl,-Map="ADC7802.map" -Wl,--gc-sections -static --specs=nano.specs -mfloat-abi=soft -mthumb -Wl,--start-group -lc -lm -Wl,--end-group
Finished building target: ADC7802.elf
 
arm-none-eabi-size   ADC7802.elf 
arm-none-eabi-objdump -h -S  ADC7802.elf  > "ADC7802.list"
arm-none-eabi-objcopy  -O binary  ADC7802.elf  "ADC7802.bin"
   text	   data	    bss	    dec	    hex	filename
  28840	    132	   2232	  31204	   79e4	ADC7802.elf
Finished building: default.size.stdout
 
Finished building: ADC7802.bin
 
Finished building: ADC7802.list
 
20:01:13 **** Incremental Build of configuration Debug for project ADC7802 ****
make -j12 all 
arm-none-eabi-gcc "../Core/Src/main.c" -mcpu=cortex-m3 -std=gnu11 -g3 -DDEBUG -DUSE_HAL_DRIVER -DSTM32F103xB -c -I../Core/Inc -I../Drivers/STM32F1xx_HAL_Driver/Inc -I../Drivers/STM32F1xx_HAL_Driver/Inc/Legacy -I../Drivers/CMSIS/Device/ST/STM32F1xx/Include -I../Drivers/CMSIS/Include -O0 -ffunction-sections -fdata-sections -Wall -fstack-usage -MMD -MP -MF"Core/Src/main.d" -MT"Core/Src/main.o" --specs=nano.specs -mfloat-abi=soft -mthumb -o "Core/Src/main.o"
../Core/Src/main.c: In function 'read7802':
../Core/Src/main.c:161:20: warning: variable 'ret' set but not used [-Wunused-but-set-variable]
  161 |  HAL_StatusTypeDef ret = 0;
      |                    ^~~
../Core/Src/main.c: In function 'I2C_channel_initADC':
../Core/Src/main.c:198:20: warning: variable 'ret' set but not used [-Wunused-but-set-variable]
  198 |  HAL_StatusTypeDef ret = 0;
      |                    ^~~
arm-none-eabi-gcc -o "ADC7802.elf" @"objects.list"   -mcpu=cortex-m3 -T"C:\Users\Jiyansh\Desktop\ADC7802\i2c\ADC7802\STM32F103C8TX_FLASH.ld" --specs=nosys.specs -Wl,-Map="ADC7802.map" -Wl,--gc-sections -static --specs=nano.specs -mfloat-abi=soft -mthumb -Wl,--start-group -lc -lm -Wl,--end-group
Finished building target: ADC7802.elf
 
arm-none-eabi-size   ADC7802.elf 
arm-none-eabi-objdump -h -S  ADC7802.elf  > "ADC7802.list"
arm-none-eabi-objcopy  -O binary  ADC7802.elf  "ADC7802.bin"
   text	   data	    bss	    dec	    hex	filename
  28824	    132	   2232	  31188	   79d4	ADC7802.elf
Finished building: default.size.stdout
 
Finished building: ADC7802.bin
 
Finished building: ADC7802.list
 
20:03:01 **** Incremental Build of configuration Debug for project ADC7802 ****
make -j12 all 
arm-none-eabi-gcc "../Core/Src/main.c" -mcpu=cortex-m3 -std=gnu11 -g3 -DDEBUG -DUSE_HAL_DRIVER -DSTM32F103xB -c -I../Core/Inc -I../Drivers/STM32F1xx_HAL_Driver/Inc -I../Drivers/STM32F1xx_HAL_Driver/Inc/Legacy -I../Drivers/CMSIS/Device/ST/STM32F1xx/Include -I../Drivers/CMSIS/Include -O0 -ffunction-sections -fdata-sections -Wall -fstack-usage -MMD -MP -MF"Core/Src/main.d" -MT"Core/Src/main.o" --specs=nano.specs -mfloat-abi=soft -mthumb -o "Core/Src/main.o"
../Core/Src/main.c: In function 'read7802':
../Core/Src/main.c:161:20: warning: variable 'ret' set but not used [-Wunused-but-set-variable]
  161 |  HAL_StatusTypeDef ret = 0;
      |                    ^~~
../Core/Src/main.c: In function 'I2C_channel_initADC':
../Core/Src/main.c:198:20: warning: variable 'ret' set but not used [-Wunused-but-set-variable]
  198 |  HAL_StatusTypeDef ret = 0;
      |                    ^~~
arm-none-eabi-gcc -o "ADC7802.elf" @"objects.list"   -mcpu=cortex-m3 -T"C:\Users\Jiyansh\Desktop\ADC7802\i2c\ADC7802\STM32F103C8TX_FLASH.ld" --specs=nosys.specs -Wl,-Map="ADC7802.map" -Wl,--gc-sections -static --specs=nano.specs -mfloat-abi=soft -mthumb -Wl,--start-group -lc -lm -Wl,--end-group
Finished building target: ADC7802.elf
 
arm-none-eabi-size   ADC7802.elf 
arm-none-eabi-objdump -h -S  ADC7802.elf  > "ADC7802.list"
arm-none-eabi-objcopy  -O binary  ADC7802.elf  "ADC7802.bin"
   text	   data	    bss	    dec	    hex	filename
  28824	    132	   2232	  31188	   79d4	ADC7802.elf
Finished building: default.size.stdout
 
Finished building: ADC7802.bin
 
Finished building: ADC7802.list
 
20:04:12 **** Incremental Build of configuration Debug for project ADC7802 ****
make -j12 all 
arm-none-eabi-size   ADC7802.elf 
   text	   data	    bss	    dec	    hex	filename
  28824	    132	   2232	  31188	   79d4	ADC7802.elf
Finished building: default.size.stdout
 
20:04:30 **** Incremental Build of configuration Debug for project ADC7802 ****
make -j12 all 
arm-none-eabi-size   ADC7802.elf 
   text	   data	    bss	    dec	    hex	filename
  28824	    132	   2232	  31188	   79d4	ADC7802.elf
Finished building: default.size.stdout
 
20:06:11 **** Incremental Build of configuration Debug for project ADC7802 ****
make -j12 all 
arm-none-eabi-gcc "../Core/Src/main.c" -mcpu=cortex-m3 -std=gnu11 -g3 -DDEBUG -DUSE_HAL_DRIVER -DSTM32F103xB -c -I../Core/Inc -I../Drivers/STM32F1xx_HAL_Driver/Inc -I../Drivers/STM32F1xx_HAL_Driver/Inc/Legacy -I../Drivers/CMSIS/Device/ST/STM32F1xx/Include -I../Drivers/CMSIS/Include -O0 -ffunction-sections -fdata-sections -Wall -fstack-usage -MMD -MP -MF"Core/Src/main.d" -MT"Core/Src/main.o" --specs=nano.specs -mfloat-abi=soft -mthumb -o "Core/Src/main.o"
../Core/Src/main.c: In function 'read7802':
../Core/Src/main.c:161:20: warning: variable 'ret' set but not used [-Wunused-but-set-variable]
  161 |  HAL_StatusTypeDef ret = 0;
      |                    ^~~
../Core/Src/main.c: In function 'I2C_channel_initADC':
../Core/Src/main.c:198:20: warning: variable 'ret' set but not used [-Wunused-but-set-variable]
  198 |  HAL_StatusTypeDef ret = 0;
      |                    ^~~
arm-none-eabi-gcc -o "ADC7802.elf" @"objects.list"   -mcpu=cortex-m3 -T"C:\Users\Jiyansh\Desktop\ADC7802\i2c\ADC7802\STM32F103C8TX_FLASH.ld" --specs=nosys.specs -Wl,-Map="ADC7802.map" -Wl,--gc-sections -static --specs=nano.specs -mfloat-abi=soft -mthumb -Wl,--start-group -lc -lm -Wl,--end-group
Finished building target: ADC7802.elf
 
arm-none-eabi-size   ADC7802.elf 
arm-none-eabi-objdump -h -S  ADC7802.elf  > "ADC7802.list"
arm-none-eabi-objcopy  -O binary  ADC7802.elf  "ADC7802.bin"
   text	   data	    bss	    dec	    hex	filename
  28824	    132	   2232	  31188	   79d4	ADC7802.elf
Finished building: default.size.stdout
 
Finished building: ADC7802.bin
 
Finished building: ADC7802.list
 
20:07:33 **** Incremental Build of configuration Debug for project ADC7802 ****
make -j12 all 
arm-none-eabi-size   ADC7802.elf 
   text	   data	    bss	    dec	    hex	filename
  28824	    132	   2232	  31188	   79d4	ADC7802.elf
Finished building: default.size.stdout
 
20:09:56 **** Incremental Build of configuration Debug for project ADC7802 ****
make -j12 all 
arm-none-eabi-gcc "../Core/Src/main.c" -mcpu=cortex-m3 -std=gnu11 -g3 -DDEBUG -DUSE_HAL_DRIVER -DSTM32F103xB -c -I../Core/Inc -I../Drivers/STM32F1xx_HAL_Driver/Inc -I../Drivers/STM32F1xx_HAL_Driver/Inc/Legacy -I../Drivers/CMSIS/Device/ST/STM32F1xx/Include -I../Drivers/CMSIS/Include -O0 -ffunction-sections -fdata-sections -Wall -fstack-usage -MMD -MP -MF"Core/Src/main.d" -MT"Core/Src/main.o" --specs=nano.specs -mfloat-abi=soft -mthumb -o "Core/Src/main.o"
../Core/Src/main.c: In function 'read7802':
../Core/Src/main.c:161:20: warning: variable 'ret' set but not used [-Wunused-but-set-variable]
  161 |  HAL_StatusTypeDef ret = 0;
      |                    ^~~
../Core/Src/main.c: In function 'I2C_channel_initADC':
../Core/Src/main.c:198:20: warning: variable 'ret' set but not used [-Wunused-but-set-variable]
  198 |  HAL_StatusTypeDef ret = 0;
      |                    ^~~
arm-none-eabi-gcc -o "ADC7802.elf" @"objects.list"   -mcpu=cortex-m3 -T"C:\Users\Jiyansh\Desktop\ADC7802\i2c\ADC7802\STM32F103C8TX_FLASH.ld" --specs=nosys.specs -Wl,-Map="ADC7802.map" -Wl,--gc-sections -static --specs=nano.specs -mfloat-abi=soft -mthumb -Wl,--start-group -lc -lm -Wl,--end-group
Finished building target: ADC7802.elf
 
arm-none-eabi-size   ADC7802.elf 
arm-none-eabi-objdump -h -S  ADC7802.elf  > "ADC7802.list"
arm-none-eabi-objcopy  -O binary  ADC7802.elf  "ADC7802.bin"
   text	   data	    bss	    dec	    hex	filename
  28824	    132	   2232	  31188	   79d4	ADC7802.elf
Finished building: default.size.stdout
 
Finished building: ADC7802.bin
 
Finished building: ADC7802.list
 
20:12:22 **** Incremental Build of configuration Debug for project ADC7802 ****
make -j12 all 
arm-none-eabi-gcc "../Core/Src/main.c" -mcpu=cortex-m3 -std=gnu11 -g3 -DDEBUG -DUSE_HAL_DRIVER -DSTM32F103xB -c -I../Core/Inc -I../Drivers/STM32F1xx_HAL_Driver/Inc -I../Drivers/STM32F1xx_HAL_Driver/Inc/Legacy -I../Drivers/CMSIS/Device/ST/STM32F1xx/Include -I../Drivers/CMSIS/Include -O0 -ffunction-sections -fdata-sections -Wall -fstack-usage -MMD -MP -MF"Core/Src/main.d" -MT"Core/Src/main.o" --specs=nano.specs -mfloat-abi=soft -mthumb -o "Core/Src/main.o"
../Core/Src/main.c: In function 'read7802':
../Core/Src/main.c:161:20: warning: variable 'ret' set but not used [-Wunused-but-set-variable]
  161 |  HAL_StatusTypeDef ret = 0;
      |                    ^~~
../Core/Src/main.c: In function 'I2C_channel_initADC':
../Core/Src/main.c:198:20: warning: variable 'ret' set but not used [-Wunused-but-set-variable]
  198 |  HAL_StatusTypeDef ret = 0;
      |                    ^~~
arm-none-eabi-gcc -o "ADC7802.elf" @"objects.list"   -mcpu=cortex-m3 -T"C:\Users\Jiyansh\Desktop\ADC7802\i2c\ADC7802\STM32F103C8TX_FLASH.ld" --specs=nosys.specs -Wl,-Map="ADC7802.map" -Wl,--gc-sections -static --specs=nano.specs -mfloat-abi=soft -mthumb -Wl,--start-group -lc -lm -Wl,--end-group
Finished building target: ADC7802.elf
 
arm-none-eabi-size   ADC7802.elf 
arm-none-eabi-objdump -h -S  ADC7802.elf  > "ADC7802.list"
arm-none-eabi-objcopy  -O binary  ADC7802.elf  "ADC7802.bin"
   text	   data	    bss	    dec	    hex	filename
  28824	    132	   2232	  31188	   79d4	ADC7802.elf
Finished building: default.size.stdout
 
Finished building: ADC7802.bin
 
Finished building: ADC7802.list
 
20:13:48 **** Incremental Build of configuration Debug for project ADC7802 ****
make -j12 all 
arm-none-eabi-size   ADC7802.elf 
   text	   data	    bss	    dec	    hex	filename
  28824	    132	   2232	  31188	   79d4	ADC7802.elf
Finished building: default.size.stdout
 
20:17:00 **** Incremental Build of configuration Debug for project ADC7802 ****
make -j12 all 
arm-none-eabi-size   ADC7802.elf 
   text	   data	    bss	    dec	    hex	filename
  28824	    132	   2232	  31188	   79d4	ADC7802.elf
Finished building: default.size.stdout
 
20:17:55 **** Incremental Build of configuration Debug for project ADC7802 ****
make -j12 all 
arm-none-eabi-size   ADC7802.elf 
   text	   data	    bss	    dec	    hex	filename
  28824	    132	   2232	  31188	   79d4	ADC7802.elf
Finished building: default.size.stdout
 
20:18:09 **** Incremental Build of configuration Debug for project ADC7802 ****
make -j12 all 
arm-none-eabi-size   ADC7802.elf 
   text	   data	    bss	    dec	    hex	filename
  28824	    132	   2232	  31188	   79d4	ADC7802.elf
Finished building: default.size.stdout
 
