17:40:50 **** Incremental Build of configuration Debug for project NextionDisplay3 ****
make -j12 all 
arm-none-eabi-gcc "C:/Users/Jiyansh/Desktop/NextionDisplay3/NextionDisplay3/Drivers/STM32F1xx_HAL_Driver/Src/stm32f1xx_hal.c" -mcpu=cortex-m3 -std=gnu11 -g3 -DDEBUG -DUSE_HAL_DRIVER -DSTM32F103xB -c -I../../Core/Inc -I../../Drivers/STM32F1xx_HAL_Driver/Inc -I../../Drivers/STM32F1xx_HAL_Driver/Inc/Legacy -I../../Drivers/CMSIS/Device/ST/STM32F1xx/Include -I../../Drivers/CMSIS/Include -O0 -ffunction-sections -fdata-sections -Wall -fstack-usage -MMD -MP -MF"Drivers/STM32F1xx_HAL_Driver/stm32f1xx_hal.d" -MT"Drivers/STM32F1xx_HAL_Driver/stm32f1xx_hal.o" --specs=nano.specs -mfloat-abi=soft -mthumb -o "Drivers/STM32F1xx_HAL_Driver/stm32f1xx_hal.o"
arm-none-eabi-gcc "C:/Users/Jiyansh/Desktop/NextionDisplay3/NextionDisplay3/Drivers/STM32F1xx_HAL_Driver/Src/stm32f1xx_hal_cortex.c" -mcpu=cortex-m3 -std=gnu11 -g3 -DDEBUG -DUSE_HAL_DRIVER -DSTM32F103xB -c -I../../Core/Inc -I../../Drivers/STM32F1xx_HAL_Driver/Inc -I../../Drivers/STM32F1xx_HAL_Driver/Inc/Legacy -I../../Drivers/CMSIS/Device/ST/STM32F1xx/Include -I../../Drivers/CMSIS/Include -O0 -ffunction-sections -fdata-sections -Wall -fstack-usage -MMD -MP -MF"Drivers/STM32F1xx_HAL_Driver/stm32f1xx_hal_cortex.d" -MT"Drivers/STM32F1xx_HAL_Driver/stm32f1xx_hal_cortex.o" --specs=nano.specs -mfloat-abi=soft -mthumb -o "Drivers/STM32F1xx_HAL_Driver/stm32f1xx_hal_cortex.o"
arm-none-eabi-gcc "C:/Users/Jiyansh/Desktop/NextionDisplay3/NextionDisplay3/Drivers/STM32F1xx_HAL_Driver/Src/stm32f1xx_hal_dma.c" -mcpu=cortex-m3 -std=gnu11 -g3 -DDEBUG -DUSE_HAL_DRIVER -DSTM32F103xB -c -I../../Core/Inc -I../../Drivers/STM32F1xx_HAL_Driver/Inc -I../../Drivers/STM32F1xx_HAL_Driver/Inc/Legacy -I../../Drivers/CMSIS/Device/ST/STM32F1xx/Include -I../../Drivers/CMSIS/Include -O0 -ffunction-sections -fdata-sections -Wall -fstack-usage -MMD -MP -MF"Drivers/STM32F1xx_HAL_Driver/stm32f1xx_hal_dma.d" -MT"Drivers/STM32F1xx_HAL_Driver/stm32f1xx_hal_dma.o" --specs=nano.specs -mfloat-abi=soft -mthumb -o "Drivers/STM32F1xx_HAL_Driver/stm32f1xx_hal_dma.o"
arm-none-eabi-gcc "C:/Users/Jiyansh/Desktop/NextionDisplay3/NextionDisplay3/Drivers/STM32F1xx_HAL_Driver/Src/stm32f1xx_hal_exti.c" -mcpu=cortex-m3 -std=gnu11 -g3 -DDEBUG -DUSE_HAL_DRIVER -DSTM32F103xB -c -I../../Core/Inc -I../../Drivers/STM32F1xx_HAL_Driver/Inc -I../../Drivers/STM32F1xx_HAL_Driver/Inc/Legacy -I../../Drivers/CMSIS/Device/ST/STM32F1xx/Include -I../../Drivers/CMSIS/Include -O0 -ffunction-sections -fdata-sections -Wall -fstack-usage -MMD -MP -MF"Drivers/STM32F1xx_HAL_Driver/stm32f1xx_hal_exti.d" -MT"Drivers/STM32F1xx_HAL_Driver/stm32f1xx_hal_exti.o" --specs=nano.specs -mfloat-abi=soft -mthumb -o "Drivers/STM32F1xx_HAL_Driver/stm32f1xx_hal_exti.o"
arm-none-eabi-gcc "C:/Users/Jiyansh/Desktop/NextionDisplay3/NextionDisplay3/Drivers/STM32F1xx_HAL_Driver/Src/stm32f1xx_hal_flash.c" -mcpu=cortex-m3 -std=gnu11 -g3 -DDEBUG -DUSE_HAL_DRIVER -DSTM32F103xB -c -I../../Core/Inc -I../../Drivers/STM32F1xx_HAL_Driver/Inc -I../../Drivers/STM32F1xx_HAL_Driver/Inc/Legacy -I../../Drivers/CMSIS/Device/ST/STM32F1xx/Include -I../../Drivers/CMSIS/Include -O0 -ffunction-sections -fdata-sections -Wall -fstack-usage -MMD -MP -MF"Drivers/STM32F1xx_HAL_Driver/stm32f1xx_hal_flash.d" -MT"Drivers/STM32F1xx_HAL_Driver/stm32f1xx_hal_flash.o" --specs=nano.specs -mfloat-abi=soft -mthumb -o "Drivers/STM32F1xx_HAL_Driver/stm32f1xx_hal_flash.o"
arm-none-eabi-gcc "C:/Users/Jiyansh/Desktop/NextionDisplay3/NextionDisplay3/Drivers/STM32F1xx_HAL_Driver/Src/stm32f1xx_hal_flash_ex.c" -mcpu=cortex-m3 -std=gnu11 -g3 -DDEBUG -DUSE_HAL_DRIVER -DSTM32F103xB -c -I../../Core/Inc -I../../Drivers/STM32F1xx_HAL_Driver/Inc -I../../Drivers/STM32F1xx_HAL_Driver/Inc/Legacy -I../../Drivers/CMSIS/Device/ST/STM32F1xx/Include -I../../Drivers/CMSIS/Include -O0 -ffunction-sections -fdata-sections -Wall -fstack-usage -MMD -MP -MF"Drivers/STM32F1xx_HAL_Driver/stm32f1xx_hal_flash_ex.d" -MT"Drivers/STM32F1xx_HAL_Driver/stm32f1xx_hal_flash_ex.o" --specs=nano.specs -mfloat-abi=soft -mthumb -o "Drivers/STM32F1xx_HAL_Driver/stm32f1xx_hal_flash_ex.o"
arm-none-eabi-gcc "C:/Users/Jiyansh/Desktop/NextionDisplay3/NextionDisplay3/Drivers/STM32F1xx_HAL_Driver/Src/stm32f1xx_hal_gpio.c" -mcpu=cortex-m3 -std=gnu11 -g3 -DDEBUG -DUSE_HAL_DRIVER -DSTM32F103xB -c -I../../Core/Inc -I../../Drivers/STM32F1xx_HAL_Driver/Inc -I../../Drivers/STM32F1xx_HAL_Driver/Inc/Legacy -I../../Drivers/CMSIS/Device/ST/STM32F1xx/Include -I../../Drivers/CMSIS/Include -O0 -ffunction-sections -fdata-sections -Wall -fstack-usage -MMD -MP -MF"Drivers/STM32F1xx_HAL_Driver/stm32f1xx_hal_gpio.d" -MT"Drivers/STM32F1xx_HAL_Driver/stm32f1xx_hal_gpio.o" --specs=nano.specs -mfloat-abi=soft -mthumb -o "Drivers/STM32F1xx_HAL_Driver/stm32f1xx_hal_gpio.o"
arm-none-eabi-gcc "C:/Users/Jiyansh/Desktop/NextionDisplay3/NextionDisplay3/Drivers/STM32F1xx_HAL_Driver/Src/stm32f1xx_hal_gpio_ex.c" -mcpu=cortex-m3 -std=gnu11 -g3 -DDEBUG -DUSE_HAL_DRIVER -DSTM32F103xB -c -I../../Core/Inc -I../../Drivers/STM32F1xx_HAL_Driver/Inc -I../../Drivers/STM32F1xx_HAL_Driver/Inc/Legacy -I../../Drivers/CMSIS/Device/ST/STM32F1xx/Include -I../../Drivers/CMSIS/Include -O0 -ffunction-sections -fdata-sections -Wall -fstack-usage -MMD -MP -MF"Drivers/STM32F1xx_HAL_Driver/stm32f1xx_hal_gpio_ex.d" -MT"Drivers/STM32F1xx_HAL_Driver/stm32f1xx_hal_gpio_ex.o" --specs=nano.specs -mfloat-abi=soft -mthumb -o "Drivers/STM32F1xx_HAL_Driver/stm32f1xx_hal_gpio_ex.o"
arm-none-eabi-gcc "C:/Users/Jiyansh/Desktop/NextionDisplay3/NextionDisplay3/Drivers/STM32F1xx_HAL_Driver/Src/stm32f1xx_hal_pwr.c" -mcpu=cortex-m3 -std=gnu11 -g3 -DDEBUG -DUSE_HAL_DRIVER -DSTM32F103xB -c -I../../Core/Inc -I../../Drivers/STM32F1xx_HAL_Driver/Inc -I../../Drivers/STM32F1xx_HAL_Driver/Inc/Legacy -I../../Drivers/CMSIS/Device/ST/STM32F1xx/Include -I../../Drivers/CMSIS/Include -O0 -ffunction-sections -fdata-sections -Wall -fstack-usage -MMD -MP -MF"Drivers/STM32F1xx_HAL_Driver/stm32f1xx_hal_pwr.d" -MT"Drivers/STM32F1xx_HAL_Driver/stm32f1xx_hal_pwr.o" --specs=nano.specs -mfloat-abi=soft -mthumb -o "Drivers/STM32F1xx_HAL_Driver/stm32f1xx_hal_pwr.o"
arm-none-eabi-gcc "C:/Users/Jiyansh/Desktop/NextionDisplay3/NextionDisplay3/Drivers/STM32F1xx_HAL_Driver/Src/stm32f1xx_hal_rcc.c" -mcpu=cortex-m3 -std=gnu11 -g3 -DDEBUG -DUSE_HAL_DRIVER -DSTM32F103xB -c -I../../Core/Inc -I../../Drivers/STM32F1xx_HAL_Driver/Inc -I../../Drivers/STM32F1xx_HAL_Driver/Inc/Legacy -I../../Drivers/CMSIS/Device/ST/STM32F1xx/Include -I../../Drivers/CMSIS/Include -O0 -ffunction-sections -fdata-sections -Wall -fstack-usage -MMD -MP -MF"Drivers/STM32F1xx_HAL_Driver/stm32f1xx_hal_rcc.d" -MT"Drivers/STM32F1xx_HAL_Driver/stm32f1xx_hal_rcc.o" --specs=nano.specs -mfloat-abi=soft -mthumb -o "Drivers/STM32F1xx_HAL_Driver/stm32f1xx_hal_rcc.o"
arm-none-eabi-gcc "C:/Users/Jiyansh/Desktop/NextionDisplay3/NextionDisplay3/Drivers/STM32F1xx_HAL_Driver/Src/stm32f1xx_hal_rcc_ex.c" -mcpu=cortex-m3 -std=gnu11 -g3 -DDEBUG -DUSE_HAL_DRIVER -DSTM32F103xB -c -I../../Core/Inc -I../../Drivers/STM32F1xx_HAL_Driver/Inc -I../../Drivers/STM32F1xx_HAL_Driver/Inc/Legacy -I../../Drivers/CMSIS/Device/ST/STM32F1xx/Include -I../../Drivers/CMSIS/Include -O0 -ffunction-sections -fdata-sections -Wall -fstack-usage -MMD -MP -MF"Drivers/STM32F1xx_HAL_Driver/stm32f1xx_hal_rcc_ex.d" -MT"Drivers/STM32F1xx_HAL_Driver/stm32f1xx_hal_rcc_ex.o" --specs=nano.specs -mfloat-abi=soft -mthumb -o "Drivers/STM32F1xx_HAL_Driver/stm32f1xx_hal_rcc_ex.o"
arm-none-eabi-gcc "C:/Users/Jiyansh/Desktop/NextionDisplay3/NextionDisplay3/Drivers/STM32F1xx_HAL_Driver/Src/stm32f1xx_hal_tim.c" -mcpu=cortex-m3 -std=gnu11 -g3 -DDEBUG -DUSE_HAL_DRIVER -DSTM32F103xB -c -I../../Core/Inc -I../../Drivers/STM32F1xx_HAL_Driver/Inc -I../../Drivers/STM32F1xx_HAL_Driver/Inc/Legacy -I../../Drivers/CMSIS/Device/ST/STM32F1xx/Include -I../../Drivers/CMSIS/Include -O0 -ffunction-sections -fdata-sections -Wall -fstack-usage -MMD -MP -MF"Drivers/STM32F1xx_HAL_Driver/stm32f1xx_hal_tim.d" -MT"Drivers/STM32F1xx_HAL_Driver/stm32f1xx_hal_tim.o" --specs=nano.specs -mfloat-abi=soft -mthumb -o "Drivers/STM32F1xx_HAL_Driver/stm32f1xx_hal_tim.o"
arm-none-eabi-gcc "C:/Users/Jiyansh/Desktop/NextionDisplay3/NextionDisplay3/Drivers/STM32F1xx_HAL_Driver/Src/stm32f1xx_hal_tim_ex.c" -mcpu=cortex-m3 -std=gnu11 -g3 -DDEBUG -DUSE_HAL_DRIVER -DSTM32F103xB -c -I../../Core/Inc -I../../Drivers/STM32F1xx_HAL_Driver/Inc -I../../Drivers/STM32F1xx_HAL_Driver/Inc/Legacy -I../../Drivers/CMSIS/Device/ST/STM32F1xx/Include -I../../Drivers/CMSIS/Include -O0 -ffunction-sections -fdata-sections -Wall -fstack-usage -MMD -MP -MF"Drivers/STM32F1xx_HAL_Driver/stm32f1xx_hal_tim_ex.d" -MT"Drivers/STM32F1xx_HAL_Driver/stm32f1xx_hal_tim_ex.o" --specs=nano.specs -mfloat-abi=soft -mthumb -o "Drivers/STM32F1xx_HAL_Driver/stm32f1xx_hal_tim_ex.o"
arm-none-eabi-gcc "C:/Users/Jiyansh/Desktop/NextionDisplay3/NextionDisplay3/Drivers/STM32F1xx_HAL_Driver/Src/stm32f1xx_hal_uart.c" -mcpu=cortex-m3 -std=gnu11 -g3 -DDEBUG -DUSE_HAL_DRIVER -DSTM32F103xB -c -I../../Core/Inc -I../../Drivers/STM32F1xx_HAL_Driver/Inc -I../../Drivers/STM32F1xx_HAL_Driver/Inc/Legacy -I../../Drivers/CMSIS/Device/ST/STM32F1xx/Include -I../../Drivers/CMSIS/Include -O0 -ffunction-sections -fdata-sections -Wall -fstack-usage -MMD -MP -MF"Drivers/STM32F1xx_HAL_Driver/stm32f1xx_hal_uart.d" -MT"Drivers/STM32F1xx_HAL_Driver/stm32f1xx_hal_uart.o" --specs=nano.specs -mfloat-abi=soft -mthumb -o "Drivers/STM32F1xx_HAL_Driver/stm32f1xx_hal_uart.o"
arm-none-eabi-gcc "C:/Users/Jiyansh/Desktop/NextionDisplay3/NextionDisplay3/Core/Src/system_stm32f1xx.c" -mcpu=cortex-m3 -std=gnu11 -g3 -DDEBUG -DUSE_HAL_DRIVER -DSTM32F103xB -c -I../../Core/Inc -I../../Drivers/STM32F1xx_HAL_Driver/Inc -I../../Drivers/STM32F1xx_HAL_Driver/Inc/Legacy -I../../Drivers/CMSIS/Device/ST/STM32F1xx/Include -I../../Drivers/CMSIS/Include -O0 -ffunction-sections -fdata-sections -Wall -fstack-usage -MMD -MP -MF"Drivers/CMSIS/system_stm32f1xx.d" -MT"Drivers/CMSIS/system_stm32f1xx.o" --specs=nano.specs -mfloat-abi=soft -mthumb -o "Drivers/CMSIS/system_stm32f1xx.o"
arm-none-eabi-gcc -mcpu=cortex-m3 -g3 -c -x assembler-with-cpp -MMD -MP -MF"Application/User/Startup/startup_stm32f103cbtx.d" -MT"Application/User/Startup/startup_stm32f103cbtx.o" --specs=nano.specs -mfloat-abi=soft -mthumb -o "Application/User/Startup/startup_stm32f103cbtx.o" "../Application/User/Startup/startup_stm32f103cbtx.s"
arm-none-eabi-gcc "C:/Users/Jiyansh/Desktop/NextionDisplay3/NextionDisplay3/Core/Src/gpio.c" -mcpu=cortex-m3 -std=gnu11 -g3 -DDEBUG -DUSE_HAL_DRIVER -DSTM32F103xB -c -I../../Core/Inc -I../../Drivers/STM32F1xx_HAL_Driver/Inc -I../../Drivers/STM32F1xx_HAL_Driver/Inc/Legacy -I../../Drivers/CMSIS/Device/ST/STM32F1xx/Include -I../../Drivers/CMSIS/Include -O0 -ffunction-sections -fdata-sections -Wall -fstack-usage -MMD -MP -MF"Application/User/Core/gpio.d" -MT"Application/User/Core/gpio.o" --specs=nano.specs -mfloat-abi=soft -mthumb -o "Application/User/Core/gpio.o"
arm-none-eabi-gcc "C:/Users/Jiyansh/Desktop/NextionDisplay3/NextionDisplay3/Core/Src/main.c" -mcpu=cortex-m3 -std=gnu11 -g3 -DDEBUG -DUSE_HAL_DRIVER -DSTM32F103xB -c -I../../Core/Inc -I../../Drivers/STM32F1xx_HAL_Driver/Inc -I../../Drivers/STM32F1xx_HAL_Driver/Inc/Legacy -I../../Drivers/CMSIS/Device/ST/STM32F1xx/Include -I../../Drivers/CMSIS/Include -O0 -ffunction-sections -fdata-sections -Wall -fstack-usage -MMD -MP -MF"Application/User/Core/main.d" -MT"Application/User/Core/main.o" --specs=nano.specs -mfloat-abi=soft -mthumb -o "Application/User/Core/main.o"
arm-none-eabi-gcc "C:/Users/Jiyansh/Desktop/NextionDisplay3/NextionDisplay3/Core/Src/stm32f1xx_hal_msp.c" -mcpu=cortex-m3 -std=gnu11 -g3 -DDEBUG -DUSE_HAL_DRIVER -DSTM32F103xB -c -I../../Core/Inc -I../../Drivers/STM32F1xx_HAL_Driver/Inc -I../../Drivers/STM32F1xx_HAL_Driver/Inc/Legacy -I../../Drivers/CMSIS/Device/ST/STM32F1xx/Include -I../../Drivers/CMSIS/Include -O0 -ffunction-sections -fdata-sections -Wall -fstack-usage -MMD -MP -MF"Application/User/Core/stm32f1xx_hal_msp.d" -MT"Application/User/Core/stm32f1xx_hal_msp.o" --specs=nano.specs -mfloat-abi=soft -mthumb -o "Application/User/Core/stm32f1xx_hal_msp.o"
arm-none-eabi-gcc "C:/Users/Jiyansh/Desktop/NextionDisplay3/NextionDisplay3/Core/Src/stm32f1xx_it.c" -mcpu=cortex-m3 -std=gnu11 -g3 -DDEBUG -DUSE_HAL_DRIVER -DSTM32F103xB -c -I../../Core/Inc -I../../Drivers/STM32F1xx_HAL_Driver/Inc -I../../Drivers/STM32F1xx_HAL_Driver/Inc/Legacy -I../../Drivers/CMSIS/Device/ST/STM32F1xx/Include -I../../Drivers/CMSIS/Include -O0 -ffunction-sections -fdata-sections -Wall -fstack-usage -MMD -MP -MF"Application/User/Core/stm32f1xx_it.d" -MT"Application/User/Core/stm32f1xx_it.o" --specs=nano.specs -mfloat-abi=soft -mthumb -o "Application/User/Core/stm32f1xx_it.o"
arm-none-eabi-gcc "../Application/User/Core/syscalls.c" -mcpu=cortex-m3 -std=gnu11 -g3 -DDEBUG -DUSE_HAL_DRIVER -DSTM32F103xB -c -I../../Core/Inc -I../../Drivers/STM32F1xx_HAL_Driver/Inc -I../../Drivers/STM32F1xx_HAL_Driver/Inc/Legacy -I../../Drivers/CMSIS/Device/ST/STM32F1xx/Include -I../../Drivers/CMSIS/Include -O0 -ffunction-sections -fdata-sections -Wall -fstack-usage -MMD -MP -MF"Application/User/Core/syscalls.d" -MT"Application/User/Core/syscalls.o" --specs=nano.specs -mfloat-abi=soft -mthumb -o "Application/User/Core/syscalls.o"
arm-none-eabi-gcc "../Application/User/Core/sysmem.c" -mcpu=cortex-m3 -std=gnu11 -g3 -DDEBUG -DUSE_HAL_DRIVER -DSTM32F103xB -c -I../../Core/Inc -I../../Drivers/STM32F1xx_HAL_Driver/Inc -I../../Drivers/STM32F1xx_HAL_Driver/Inc/Legacy -I../../Drivers/CMSIS/Device/ST/STM32F1xx/Include -I../../Drivers/CMSIS/Include -O0 -ffunction-sections -fdata-sections -Wall -fstack-usage -MMD -MP -MF"Application/User/Core/sysmem.d" -MT"Application/User/Core/sysmem.o" --specs=nano.specs -mfloat-abi=soft -mthumb -o "Application/User/Core/sysmem.o"
arm-none-eabi-gcc "C:/Users/Jiyansh/Desktop/NextionDisplay3/NextionDisplay3/Core/Src/usart.c" -mcpu=cortex-m3 -std=gnu11 -g3 -DDEBUG -DUSE_HAL_DRIVER -DSTM32F103xB -c -I../../Core/Inc -I../../Drivers/STM32F1xx_HAL_Driver/Inc -I../../Drivers/STM32F1xx_HAL_Driver/Inc/Legacy -I../../Drivers/CMSIS/Device/ST/STM32F1xx/Include -I../../Drivers/CMSIS/Include -O0 -ffunction-sections -fdata-sections -Wall -fstack-usage -MMD -MP -MF"Application/User/Core/usart.d" -MT"Application/User/Core/usart.o" --specs=nano.specs -mfloat-abi=soft -mthumb -o "Application/User/Core/usart.o"
arm-none-eabi-gcc -o "NextionDisplay3.elf" @"objects.list"   -mcpu=cortex-m3 -T"C:\Users\Jiyansh\Desktop\NextionDisplay3\NextionDisplay3\STM32CubeIDE\STM32F103CBTX_FLASH.ld" --specs=nosys.specs -Wl,-Map="NextionDisplay3.map" -Wl,--gc-sections -static --specs=nano.specs -mfloat-abi=soft -mthumb -Wl,--start-group -lc -lm -Wl,--end-group
Finished building target: NextionDisplay3.elf
 
arm-none-eabi-size   NextionDisplay3.elf 
arm-none-eabi-objdump -h -S  NextionDisplay3.elf  > "NextionDisplay3.list"
arm-none-eabi-objcopy  -O ihex  NextionDisplay3.elf  "NextionDisplay3.hex"
   text	   data	    bss	    dec	    hex	filename
  15468	    128	   2088	  17684	   4514	NextionDisplay3.elf
arm-none-eabi-objcopy  -O binary  NextionDisplay3.elf  "NextionDisplay3.bin"
Finished building: default.size.stdout
 
Finished building: NextionDisplay3.hex
Finished building: NextionDisplay3.bin
 
 
Finished building: NextionDisplay3.list
 

17:40:53 Build Finished. 0 errors, 0 warnings. (took 3s.559ms)

